Unable to import torch.fx, you pytorch version may be too old.
1.4.0
cuda
Dataset split (Train/valid/test): 36923/4445/4890
----------------------------------------------------------------
        Layer (type)               Output Shape         Param #
================================================================
     ConstantPad2d-1            [-1, 1, 59, 12]               0
            Conv2d-2            [-1, 64, 25, 5]           2,624
       BatchNorm2d-3            [-1, 64, 25, 5]             128
              ReLU-4            [-1, 64, 25, 5]               0
     ConstantPad2d-5            [-1, 64, 27, 7]               0
            Conv2d-6            [-1, 64, 25, 5]             640
       BatchNorm2d-7            [-1, 64, 25, 5]             128
              ReLU-8            [-1, 64, 25, 5]               0
            Conv2d-9            [-1, 64, 25, 5]           4,160
      BatchNorm2d-10            [-1, 64, 25, 5]             128
             ReLU-11            [-1, 64, 25, 5]               0
    ConstantPad2d-12            [-1, 64, 27, 7]               0
           Conv2d-13            [-1, 64, 25, 5]             640
      BatchNorm2d-14            [-1, 64, 25, 5]             128
             ReLU-15            [-1, 64, 25, 5]               0
           Conv2d-16            [-1, 64, 25, 5]           4,160
      BatchNorm2d-17            [-1, 64, 25, 5]             128
             ReLU-18            [-1, 64, 25, 5]               0
    ConstantPad2d-19            [-1, 64, 27, 7]               0
           Conv2d-20            [-1, 64, 25, 5]             640
      BatchNorm2d-21            [-1, 64, 25, 5]             128
             ReLU-22            [-1, 64, 25, 5]               0
           Conv2d-23            [-1, 64, 25, 5]           4,160
      BatchNorm2d-24            [-1, 64, 25, 5]             128
             ReLU-25            [-1, 64, 25, 5]               0
    ConstantPad2d-26            [-1, 64, 27, 7]               0
           Conv2d-27            [-1, 64, 25, 5]             640
      BatchNorm2d-28            [-1, 64, 25, 5]             128
             ReLU-29            [-1, 64, 25, 5]               0
           Conv2d-30            [-1, 64, 25, 5]           4,160
      BatchNorm2d-31            [-1, 64, 25, 5]             128
             ReLU-32            [-1, 64, 25, 5]               0
        AvgPool2d-33             [-1, 64, 1, 1]               0
           Linear-34                   [-1, 12]             780
================================================================
Total params: 23,756
Trainable params: 23,756
Non-trainable params: 0
----------------------------------------------------------------
Input size (MB): 0.00
Forward/backward pass size (MB): 2.02
Params size (MB): 0.09
Estimated Total Size (MB): 2.12
----------------------------------------------------------------
FX is unsupported on your pytorch version, falling back to JIT
Operation                                         OPS      
------------------------------------------------  -------  
DSCNN/Conv2d[conv1]/onnx::Conv                    320000   
DSCNN/BatchNorm2d[bn1]/onnx::BatchNormalization   16000    
DSCNN/ReLU[relu1]/onnx::Relu                      16000    
DSCNN/Conv2d[conv2]/onnx::Conv                    72000    
DSCNN/BatchNorm2d[bn2]/onnx::BatchNormalization   16000    
DSCNN/ReLU[relu2]/onnx::Relu                      16000    
DSCNN/Conv2d[conv3]/onnx::Conv                    512000   
DSCNN/BatchNorm2d[bn3]/onnx::BatchNormalization   16000    
DSCNN/ReLU[relu3]/onnx::Relu                      16000    
DSCNN/Conv2d[conv4]/onnx::Conv                    72000    
DSCNN/BatchNorm2d[bn4]/onnx::BatchNormalization   16000    
DSCNN/ReLU[relu4]/onnx::Relu                      16000    
DSCNN/Conv2d[conv5]/onnx::Conv                    512000   
DSCNN/BatchNorm2d[bn5]/onnx::BatchNormalization   16000    
DSCNN/ReLU[relu5]/onnx::Relu                      16000    
DSCNN/Conv2d[conv6]/onnx::Conv                    72000    
DSCNN/BatchNorm2d[bn6]/onnx::BatchNormalization   16000    
DSCNN/ReLU[relu6]/onnx::Relu                      16000    
DSCNN/Conv2d[conv7]/onnx::Conv                    512000   
DSCNN/BatchNorm2d[bn7]/onnx::BatchNormalization   16000    
DSCNN/ReLU[relu7]/onnx::Relu                      16000    
DSCNN/Conv2d[conv8]/onnx::Conv                    72000    
DSCNN/BatchNorm2d[bn8]/onnx::BatchNormalization   16000    
DSCNN/ReLU[relu8]/onnx::Relu                      16000    
DSCNN/Conv2d[conv9]/onnx::Conv                    512000   
DSCNN/BatchNorm2d[bn9]/onnx::BatchNormalization   16000    
DSCNN/ReLU[relu9]/onnx::Relu                      16000    
DSCNN/AvgPool2d[avg]/onnx::AveragePool            8000     
DSCNN/Linear[fc1]/onnx::Gemm                      768      
-----------------------------------------------   ------   
Input size: (1, 1, 49, 10)
2,952,768 FLOPs or approx. 0.00 GFLOPs
Epoch: 1/40
[  1 / 288] loss: 0.249  accuracy: 6.250
[ 21 / 288] loss: 4.962  accuracy: 12.202
[ 41 / 288] loss: 4.921  accuracy: 16.082
[ 61 / 288] loss: 4.844  accuracy: 17.969
[ 81 / 288] loss: 4.779  accuracy: 19.898
[101 / 288] loss: 4.694  accuracy: 21.651
[121 / 288] loss: 4.595  accuracy: 23.670
[141 / 288] loss: 4.555  accuracy: 25.709
[161 / 288] loss: 4.489  accuracy: 27.829
[181 / 288] loss: 4.418  accuracy: 29.869
[201 / 288] loss: 4.401  accuracy: 31.483
[221 / 288] loss: 4.349  accuracy: 32.929
[241 / 288] loss: 4.278  accuracy: 34.417
[261 / 288] loss: 4.292  accuracy: 35.557
[281 / 288] loss: 4.199  accuracy: 36.930
Accuracy of the network on the validation set: 29.69 %
Epoch: 2/40
[  1 / 288] loss: 0.202  accuracy: 63.281
[ 21 / 288] loss: 4.097  accuracy: 60.714
[ 41 / 288] loss: 4.018  accuracy: 63.319
[ 61 / 288] loss: 3.977  accuracy: 64.677
[ 81 / 288] loss: 3.935  accuracy: 66.098
[101 / 288] loss: 3.866  accuracy: 67.775
[121 / 288] loss: 3.824  accuracy: 69.112
[141 / 288] loss: 3.810  accuracy: 70.191
[161 / 288] loss: 3.780  accuracy: 71.186
[181 / 288] loss: 3.726  accuracy: 72.207
[201 / 288] loss: 3.712  accuracy: 72.994
[221 / 288] loss: 3.697  accuracy: 73.727
[241 / 288] loss: 3.685  accuracy: 74.342
[261 / 288] loss: 3.672  accuracy: 74.919
[281 / 288] loss: 3.671  accuracy: 75.367
Accuracy of the network on the validation set: 49.22 %
Epoch: 3/40
[  1 / 288] loss: 0.184  accuracy: 81.250
[ 21 / 288] loss: 3.643  accuracy: 82.106
[ 41 / 288] loss: 3.634  accuracy: 82.374
[ 61 / 288] loss: 3.621  accuracy: 82.851
[ 81 / 288] loss: 3.617  accuracy: 83.295
[101 / 288] loss: 3.576  accuracy: 84.035
[121 / 288] loss: 3.597  accuracy: 84.317
[141 / 288] loss: 3.575  accuracy: 84.696
[161 / 288] loss: 3.561  accuracy: 84.991
[181 / 288] loss: 3.545  accuracy: 85.320
[201 / 288] loss: 3.548  accuracy: 85.549
[221 / 288] loss: 3.538  accuracy: 85.771
[241 / 288] loss: 3.540  accuracy: 85.947
[261 / 288] loss: 3.541  accuracy: 86.072
[281 / 288] loss: 3.522  accuracy: 86.210
Accuracy of the network on the validation set: 61.72 %
Epoch: 4/40
[  1 / 288] loss: 0.176  accuracy: 90.625
[ 21 / 288] loss: 3.537  accuracy: 87.798
[ 41 / 288] loss: 3.508  accuracy: 88.681
[ 61 / 288] loss: 3.496  accuracy: 89.062
[ 81 / 288] loss: 3.516  accuracy: 88.947
[101 / 288] loss: 3.492  accuracy: 89.086
[121 / 288] loss: 3.495  accuracy: 89.140
[141 / 288] loss: 3.500  accuracy: 89.079
[161 / 288] loss: 3.480  accuracy: 89.208
[181 / 288] loss: 3.489  accuracy: 89.218
[201 / 288] loss: 3.510  accuracy: 89.105
[221 / 288] loss: 3.496  accuracy: 89.101
[241 / 288] loss: 3.480  accuracy: 89.166
[261 / 288] loss: 3.503  accuracy: 89.116
[281 / 288] loss: 3.466  accuracy: 89.204
Accuracy of the network on the validation set: 78.12 %
Epoch: 5/40
[  1 / 288] loss: 0.171  accuracy: 92.969
[ 21 / 288] loss: 3.475  accuracy: 90.104
[ 41 / 288] loss: 3.470  accuracy: 90.168
[ 61 / 288] loss: 3.460  accuracy: 90.279
[ 81 / 288] loss: 3.462  accuracy: 90.258
[101 / 288] loss: 3.454  accuracy: 90.347
[121 / 288] loss: 3.462  accuracy: 90.386
[141 / 288] loss: 3.460  accuracy: 90.409
[161 / 288] loss: 3.468  accuracy: 90.368
[181 / 288] loss: 3.455  accuracy: 90.370
[201 / 288] loss: 3.466  accuracy: 90.345
[221 / 288] loss: 3.467  accuracy: 90.367
[241 / 288] loss: 3.453  accuracy: 90.414
[261 / 288] loss: 3.442  accuracy: 90.511
[281 / 288] loss: 3.452  accuracy: 90.558
Accuracy of the network on the validation set: 29.69 %
Epoch: 6/40
[  1 / 288] loss: 0.175  accuracy: 87.500
[ 21 / 288] loss: 3.444  accuracy: 90.662
[ 41 / 288] loss: 3.451  accuracy: 90.777
[ 61 / 288] loss: 3.446  accuracy: 90.830
[ 81 / 288] loss: 3.422  accuracy: 91.117
[101 / 288] loss: 3.428  accuracy: 91.313
[121 / 288] loss: 3.434  accuracy: 91.303
[141 / 288] loss: 3.433  accuracy: 91.340
[161 / 288] loss: 3.429  accuracy: 91.406
[181 / 288] loss: 3.439  accuracy: 91.363
[201 / 288] loss: 3.425  accuracy: 91.402
[221 / 288] loss: 3.419  accuracy: 91.509
[241 / 288] loss: 3.433  accuracy: 91.484
[261 / 288] loss: 3.436  accuracy: 91.472
[281 / 288] loss: 3.446  accuracy: 91.406
Accuracy of the network on the validation set: 82.81 %
Epoch: 7/40
[  1 / 288] loss: 0.176  accuracy: 87.500
[ 21 / 288] loss: 3.452  accuracy: 90.067
[ 41 / 288] loss: 3.439  accuracy: 90.587
[ 61 / 288] loss: 3.415  accuracy: 91.253
[ 81 / 288] loss: 3.415  accuracy: 91.561
[101 / 288] loss: 3.410  accuracy: 91.754
[121 / 288] loss: 3.408  accuracy: 91.910
[141 / 288] loss: 3.444  accuracy: 91.761
[161 / 288] loss: 3.427  accuracy: 91.746
[181 / 288] loss: 3.414  accuracy: 91.825
[201 / 288] loss: 3.402  accuracy: 91.950
[221 / 288] loss: 3.436  accuracy: 91.862
[241 / 288] loss: 3.426  accuracy: 91.831
[261 / 288] loss: 3.411  accuracy: 91.873
[281 / 288] loss: 3.417  accuracy: 91.893
Accuracy of the network on the validation set: 78.91 %
Epoch: 8/40
[  1 / 288] loss: 0.169  accuracy: 95.312
[ 21 / 288] loss: 3.427  accuracy: 91.667
[ 41 / 288] loss: 3.414  accuracy: 91.806
[ 61 / 288] loss: 3.414  accuracy: 91.919
[ 81 / 288] loss: 3.421  accuracy: 91.927
[101 / 288] loss: 3.416  accuracy: 92.002
[121 / 288] loss: 3.403  accuracy: 92.110
[141 / 288] loss: 3.399  accuracy: 92.215
[161 / 288] loss: 3.409  accuracy: 92.207
[181 / 288] loss: 3.386  accuracy: 92.347
[201 / 288] loss: 3.415  accuracy: 92.335
[221 / 288] loss: 3.398  accuracy: 92.407
[241 / 288] loss: 3.409  accuracy: 92.408
[261 / 288] loss: 3.388  accuracy: 92.511
[281 / 288] loss: 3.406  accuracy: 92.513
Accuracy of the network on the validation set: 71.88 %
Epoch: 9/40
[  1 / 288] loss: 0.173  accuracy: 89.844
[ 21 / 288] loss: 3.423  accuracy: 91.555
[ 41 / 288] loss: 3.411  accuracy: 91.845
[ 61 / 288] loss: 3.421  accuracy: 91.803
[ 81 / 288] loss: 3.404  accuracy: 92.004
[101 / 288] loss: 3.419  accuracy: 91.948
[121 / 288] loss: 3.390  accuracy: 92.200
[141 / 288] loss: 3.391  accuracy: 92.365
[161 / 288] loss: 3.386  accuracy: 92.522
[181 / 288] loss: 3.394  accuracy: 92.598
[201 / 288] loss: 3.383  accuracy: 92.689
[221 / 288] loss: 3.409  accuracy: 92.661
[241 / 288] loss: 3.410  accuracy: 92.628
[261 / 288] loss: 3.390  accuracy: 92.678
[281 / 288] loss: 3.399  accuracy: 92.699
Accuracy of the network on the validation set: 80.47 %
Epoch: 10/40
[  1 / 288] loss: 0.170  accuracy: 92.188
[ 21 / 288] loss: 3.386  accuracy: 93.304
[ 41 / 288] loss: 3.383  accuracy: 93.369
[ 61 / 288] loss: 3.380  accuracy: 93.468
[ 81 / 288] loss: 3.396  accuracy: 93.374
[101 / 288] loss: 3.390  accuracy: 93.340
[121 / 288] loss: 3.374  accuracy: 93.427
[141 / 288] loss: 3.386  accuracy: 93.479
[161 / 288] loss: 3.400  accuracy: 93.420
[181 / 288] loss: 3.382  accuracy: 93.491
[201 / 288] loss: 3.384  accuracy: 93.501
[221 / 288] loss: 3.401  accuracy: 93.411
[241 / 288] loss: 3.407  accuracy: 93.316
[261 / 288] loss: 3.394  accuracy: 93.292
[281 / 288] loss: 3.382  accuracy: 93.305
Accuracy of the network on the validation set: 81.25 %
Epoch: 11/40
[  1 / 288] loss: 0.170  accuracy: 92.188
[ 21 / 288] loss: 3.385  accuracy: 93.266
[ 41 / 288] loss: 3.384  accuracy: 93.388
[ 61 / 288] loss: 3.395  accuracy: 93.263
[ 81 / 288] loss: 3.395  accuracy: 93.220
[101 / 288] loss: 3.377  accuracy: 93.286
[121 / 288] loss: 3.393  accuracy: 93.266
[141 / 288] loss: 3.386  accuracy: 93.279
[161 / 288] loss: 3.389  accuracy: 93.260
[181 / 288] loss: 3.384  accuracy: 93.280
[201 / 288] loss: 3.410  accuracy: 93.155
[221 / 288] loss: 3.385  accuracy: 93.174
[241 / 288] loss: 3.367  accuracy: 93.273
[261 / 288] loss: 3.371  accuracy: 93.325
[281 / 288] loss: 3.382  accuracy: 93.327
Accuracy of the network on the validation set: 92.97 %
Epoch: 12/40
[  1 / 288] loss: 0.167  accuracy: 96.094
[ 21 / 288] loss: 3.385  accuracy: 93.192
[ 41 / 288] loss: 3.382  accuracy: 93.274
[ 61 / 288] loss: 3.394  accuracy: 93.161
[ 81 / 288] loss: 3.366  accuracy: 93.509
[101 / 288] loss: 3.372  accuracy: 93.603
[121 / 288] loss: 3.383  accuracy: 93.569
[141 / 288] loss: 3.366  accuracy: 93.684
[161 / 288] loss: 3.384  accuracy: 93.634
[181 / 288] loss: 3.378  accuracy: 93.625
[201 / 288] loss: 3.376  accuracy: 93.633
[221 / 288] loss: 3.369  accuracy: 93.658
[241 / 288] loss: 3.374  accuracy: 93.695
[261 / 288] loss: 3.376  accuracy: 93.720
[281 / 288] loss: 3.381  accuracy: 93.689
Accuracy of the network on the validation set: 79.69 %
Epoch: 13/40
[  1 / 288] loss: 0.166  accuracy: 97.656
[ 21 / 288] loss: 3.365  accuracy: 94.531
[ 41 / 288] loss: 3.371  accuracy: 94.207
[ 61 / 288] loss: 3.356  accuracy: 94.390
[ 81 / 288] loss: 3.359  accuracy: 94.512
[101 / 288] loss: 3.363  accuracy: 94.485
[121 / 288] loss: 3.361  accuracy: 94.505
[141 / 288] loss: 3.366  accuracy: 94.492
[161 / 288] loss: 3.364  accuracy: 94.478
[181 / 288] loss: 3.370  accuracy: 94.423
[201 / 288] loss: 3.382  accuracy: 94.329
[221 / 288] loss: 3.370  accuracy: 94.301
[241 / 288] loss: 3.370  accuracy: 94.262
[261 / 288] loss: 3.378  accuracy: 94.217
[281 / 288] loss: 3.372  accuracy: 94.203
Accuracy of the network on the validation set: 89.84 %
Epoch: 14/40
[  1 / 288] loss: 0.166  accuracy: 96.875
[ 21 / 288] loss: 3.376  accuracy: 93.899
[ 41 / 288] loss: 3.379  accuracy: 93.769
[ 61 / 288] loss: 3.376  accuracy: 93.763
[ 81 / 288] loss: 3.377  accuracy: 93.789
[101 / 288] loss: 3.371  accuracy: 93.812
[121 / 288] loss: 3.360  accuracy: 93.924
[141 / 288] loss: 3.361  accuracy: 93.988
[161 / 288] loss: 3.367  accuracy: 94.012
[181 / 288] loss: 3.363  accuracy: 94.048
[201 / 288] loss: 3.362  accuracy: 94.096
[221 / 288] loss: 3.368  accuracy: 94.093
[241 / 288] loss: 3.364  accuracy: 94.087
[261 / 288] loss: 3.356  accuracy: 94.145
[281 / 288] loss: 3.386  accuracy: 94.078
Accuracy of the network on the validation set: 94.53 %
Epoch: 15/40
[  1 / 288] loss: 0.167  accuracy: 96.094
[ 21 / 288] loss: 3.357  accuracy: 94.903
[ 41 / 288] loss: 3.339  accuracy: 95.198
[ 61 / 288] loss: 3.335  accuracy: 95.325
[ 81 / 288] loss: 3.358  accuracy: 95.062
[101 / 288] loss: 3.345  accuracy: 95.096
[121 / 288] loss: 3.353  accuracy: 95.074
[141 / 288] loss: 3.340  accuracy: 95.119
[161 / 288] loss: 3.340  accuracy: 95.138
[181 / 288] loss: 3.342  accuracy: 95.153
[201 / 288] loss: 3.351  accuracy: 95.141
[221 / 288] loss: 3.333  accuracy: 95.196
[241 / 288] loss: 3.347  accuracy: 95.183
[261 / 288] loss: 3.340  accuracy: 95.202
[281 / 288] loss: 3.334  accuracy: 95.232
Accuracy of the network on the validation set: 93.75 %
Epoch: 16/40
[  1 / 288] loss: 0.167  accuracy: 96.094
[ 21 / 288] loss: 3.327  accuracy: 95.871
[ 41 / 288] loss: 3.334  accuracy: 95.732
[ 61 / 288] loss: 3.333  accuracy: 95.761
[ 81 / 288] loss: 3.323  accuracy: 95.891
[101 / 288] loss: 3.348  accuracy: 95.715
[121 / 288] loss: 3.319  accuracy: 95.868
[141 / 288] loss: 3.334  accuracy: 95.900
[161 / 288] loss: 3.332  accuracy: 95.890
[181 / 288] loss: 3.334  accuracy: 95.869
[201 / 288] loss: 3.328  accuracy: 95.899
[221 / 288] loss: 3.317  accuracy: 95.970
[241 / 288] loss: 3.324  accuracy: 95.984
[261 / 288] loss: 3.332  accuracy: 95.980
[281 / 288] loss: 3.335  accuracy: 95.977
Accuracy of the network on the validation set: 94.53 %
Epoch: 17/40
[  1 / 288] loss: 0.167  accuracy: 96.094
[ 21 / 288] loss: 3.334  accuracy: 95.796
[ 41 / 288] loss: 3.335  accuracy: 95.770
[ 61 / 288] loss: 3.341  accuracy: 95.645
[ 81 / 288] loss: 3.342  accuracy: 95.611
[101 / 288] loss: 3.336  accuracy: 95.614
[121 / 288] loss: 3.332  accuracy: 95.668
[141 / 288] loss: 3.319  accuracy: 95.783
[161 / 288] loss: 3.324  accuracy: 95.832
[181 / 288] loss: 3.326  accuracy: 95.900
[201 / 288] loss: 3.315  accuracy: 95.973
[221 / 288] loss: 3.319  accuracy: 96.020
[241 / 288] loss: 3.342  accuracy: 95.954
[261 / 288] loss: 3.334  accuracy: 95.935
[281 / 288] loss: 3.328  accuracy: 95.952
Accuracy of the network on the validation set: 96.09 %
Epoch: 18/40
[  1 / 288] loss: 0.166  accuracy: 96.094
[ 21 / 288] loss: 3.322  accuracy: 96.391
[ 41 / 288] loss: 3.322  accuracy: 96.246
[ 61 / 288] loss: 3.333  accuracy: 96.107
[ 81 / 288] loss: 3.328  accuracy: 96.094
[101 / 288] loss: 3.326  accuracy: 96.132
[121 / 288] loss: 3.335  accuracy: 96.081
[141 / 288] loss: 3.316  accuracy: 96.177
[161 / 288] loss: 3.334  accuracy: 96.137
[181 / 288] loss: 3.329  accuracy: 96.111
[201 / 288] loss: 3.325  accuracy: 96.129
[221 / 288] loss: 3.327  accuracy: 96.136
[241 / 288] loss: 3.327  accuracy: 96.139
[261 / 288] loss: 3.333  accuracy: 96.106
[281 / 288] loss: 3.327  accuracy: 96.113
Accuracy of the network on the validation set: 95.31 %
Epoch: 19/40
[  1 / 288] loss: 0.164  accuracy: 98.438
[ 21 / 288] loss: 3.333  accuracy: 95.759
[ 41 / 288] loss: 3.329  accuracy: 95.884
[ 61 / 288] loss: 3.326  accuracy: 95.953
[ 81 / 288] loss: 3.336  accuracy: 95.891
[101 / 288] loss: 3.333  accuracy: 95.854
[121 / 288] loss: 3.329  accuracy: 95.881
[141 / 288] loss: 3.324  accuracy: 95.955
[161 / 288] loss: 3.323  accuracy: 96.021
[181 / 288] loss: 3.334  accuracy: 95.994
[201 / 288] loss: 3.328  accuracy: 96.004
[221 / 288] loss: 3.317  accuracy: 96.058
[241 / 288] loss: 3.315  accuracy: 96.116
[261 / 288] loss: 3.321  accuracy: 96.124
[281 / 288] loss: 3.328  accuracy: 96.119
Accuracy of the network on the validation set: 94.53 %
Epoch: 20/40
[  1 / 288] loss: 0.166  accuracy: 96.094
[ 21 / 288] loss: 3.320  accuracy: 96.280
[ 41 / 288] loss: 3.311  accuracy: 96.589
[ 61 / 288] loss: 3.329  accuracy: 96.376
[ 81 / 288] loss: 3.317  accuracy: 96.393
[101 / 288] loss: 3.335  accuracy: 96.256
[121 / 288] loss: 3.334  accuracy: 96.191
[141 / 288] loss: 3.327  accuracy: 96.205
[161 / 288] loss: 3.320  accuracy: 96.249
[181 / 288] loss: 3.311  accuracy: 96.331
[201 / 288] loss: 3.329  accuracy: 96.276
[221 / 288] loss: 3.322  accuracy: 96.278
[241 / 288] loss: 3.311  accuracy: 96.321
[261 / 288] loss: 3.320  accuracy: 96.318
[281 / 288] loss: 3.335  accuracy: 96.266
Accuracy of the network on the validation set: 90.62 %
Epoch: 21/40
[  1 / 288] loss: 0.166  accuracy: 96.094
[ 21 / 288] loss: 3.328  accuracy: 96.019
[ 41 / 288] loss: 3.310  accuracy: 96.608
[ 61 / 288] loss: 3.314  accuracy: 96.644
[ 81 / 288] loss: 3.321  accuracy: 96.566
[101 / 288] loss: 3.328  accuracy: 96.473
[121 / 288] loss: 3.319  accuracy: 96.468
[141 / 288] loss: 3.325  accuracy: 96.448
[161 / 288] loss: 3.317  accuracy: 96.487
[181 / 288] loss: 3.328  accuracy: 96.430
[201 / 288] loss: 3.321  accuracy: 96.436
[221 / 288] loss: 3.322  accuracy: 96.433
[241 / 288] loss: 3.310  accuracy: 96.486
[261 / 288] loss: 3.313  accuracy: 96.513
[281 / 288] loss: 3.320  accuracy: 96.508
Accuracy of the network on the validation set: 94.53 %
Epoch: 22/40
[  1 / 288] loss: 0.168  accuracy: 94.531
[ 21 / 288] loss: 3.327  accuracy: 96.168
[ 41 / 288] loss: 3.310  accuracy: 96.551
[ 61 / 288] loss: 3.312  accuracy: 96.683
[ 81 / 288] loss: 3.319  accuracy: 96.586
[101 / 288] loss: 3.325  accuracy: 96.473
[121 / 288] loss: 3.324  accuracy: 96.468
[141 / 288] loss: 3.320  accuracy: 96.465
[161 / 288] loss: 3.326  accuracy: 96.443
[181 / 288] loss: 3.312  accuracy: 96.482
[201 / 288] loss: 3.305  accuracy: 96.552
[221 / 288] loss: 3.319  accuracy: 96.546
[241 / 288] loss: 3.320  accuracy: 96.544
[261 / 288] loss: 3.319  accuracy: 96.546
[281 / 288] loss: 3.308  accuracy: 96.580
Accuracy of the network on the validation set: 94.53 %
Epoch: 23/40
[  1 / 288] loss: 0.165  accuracy: 97.656
[ 21 / 288] loss: 3.315  accuracy: 96.801
[ 41 / 288] loss: 3.313  accuracy: 96.837
[ 61 / 288] loss: 3.300  accuracy: 97.054
[ 81 / 288] loss: 3.318  accuracy: 97.000
[101 / 288] loss: 3.322  accuracy: 96.860
[121 / 288] loss: 3.317  accuracy: 96.830
[141 / 288] loss: 3.328  accuracy: 96.736
[161 / 288] loss: 3.319  accuracy: 96.700
[181 / 288] loss: 3.321  accuracy: 96.664
[201 / 288] loss: 3.308  accuracy: 96.696
[221 / 288] loss: 3.317  accuracy: 96.688
[241 / 288] loss: 3.311  accuracy: 96.693
[261 / 288] loss: 3.311  accuracy: 96.701
[281 / 288] loss: 3.314  accuracy: 96.683
Accuracy of the network on the validation set: 94.53 %
Epoch: 24/40
[  1 / 288] loss: 0.167  accuracy: 96.094
[ 21 / 288] loss: 3.327  accuracy: 96.280
[ 41 / 288] loss: 3.325  accuracy: 96.227
[ 61 / 288] loss: 3.312  accuracy: 96.465
[ 81 / 288] loss: 3.322  accuracy: 96.402
[101 / 288] loss: 3.317  accuracy: 96.434
[121 / 288] loss: 3.317  accuracy: 96.462
[141 / 288] loss: 3.319  accuracy: 96.487
[161 / 288] loss: 3.307  accuracy: 96.584
[181 / 288] loss: 3.309  accuracy: 96.633
[201 / 288] loss: 3.305  accuracy: 96.692
[221 / 288] loss: 3.322  accuracy: 96.674
[241 / 288] loss: 3.311  accuracy: 96.697
[261 / 288] loss: 3.308  accuracy: 96.728
[281 / 288] loss: 3.313  accuracy: 96.736
Accuracy of the network on the validation set: 94.53 %
Epoch: 25/40
[  1 / 288] loss: 0.168  accuracy: 93.750
[ 21 / 288] loss: 3.315  accuracy: 96.540
[ 41 / 288] loss: 3.319  accuracy: 96.570
[ 61 / 288] loss: 3.320  accuracy: 96.504
[ 81 / 288] loss: 3.316  accuracy: 96.557
[101 / 288] loss: 3.309  accuracy: 96.666
[121 / 288] loss: 3.310  accuracy: 96.726
[141 / 288] loss: 3.314  accuracy: 96.753
[161 / 288] loss: 3.309  accuracy: 96.783
[181 / 288] loss: 3.305  accuracy: 96.836
[201 / 288] loss: 3.311  accuracy: 96.844
[221 / 288] loss: 3.315  accuracy: 96.826
[241 / 288] loss: 3.301  accuracy: 96.862
[261 / 288] loss: 3.323  accuracy: 96.827
[281 / 288] loss: 3.315  accuracy: 96.822
Accuracy of the network on the validation set: 92.19 %
Epoch: 26/40
[  1 / 288] loss: 0.166  accuracy: 96.875
[ 21 / 288] loss: 3.305  accuracy: 97.210
[ 41 / 288] loss: 3.304  accuracy: 97.275
[ 61 / 288] loss: 3.311  accuracy: 97.157
[ 81 / 288] loss: 3.300  accuracy: 97.261
[101 / 288] loss: 3.320  accuracy: 97.123
[121 / 288] loss: 3.309  accuracy: 97.095
[141 / 288] loss: 3.313  accuracy: 97.052
[161 / 288] loss: 3.305  accuracy: 97.045
[181 / 288] loss: 3.312  accuracy: 97.030
[201 / 288] loss: 3.317  accuracy: 96.984
[221 / 288] loss: 3.318  accuracy: 96.949
[241 / 288] loss: 3.314  accuracy: 96.940
[261 / 288] loss: 3.323  accuracy: 96.893
[281 / 288] loss: 3.298  accuracy: 96.942
Accuracy of the network on the validation set: 95.31 %
Epoch: 27/40
[  1 / 288] loss: 0.165  accuracy: 98.438
[ 21 / 288] loss: 3.314  accuracy: 96.689
[ 41 / 288] loss: 3.309  accuracy: 96.818
[ 61 / 288] loss: 3.302  accuracy: 97.067
[ 81 / 288] loss: 3.296  accuracy: 97.193
[101 / 288] loss: 3.310  accuracy: 97.138
[121 / 288] loss: 3.309  accuracy: 97.107
[141 / 288] loss: 3.307  accuracy: 97.119
[161 / 288] loss: 3.318  accuracy: 97.050
[181 / 288] loss: 3.310  accuracy: 97.039
[201 / 288] loss: 3.318  accuracy: 97.007
[221 / 288] loss: 3.309  accuracy: 96.995
[241 / 288] loss: 3.303  accuracy: 97.008
[261 / 288] loss: 3.308  accuracy: 97.022
[281 / 288] loss: 3.310  accuracy: 97.014
Accuracy of the network on the validation set: 92.97 %
Epoch: 28/40
[  1 / 288] loss: 0.166  accuracy: 96.094
[ 21 / 288] loss: 3.306  accuracy: 96.912
[ 41 / 288] loss: 3.298  accuracy: 97.275
[ 61 / 288] loss: 3.298  accuracy: 97.336
[ 81 / 288] loss: 3.315  accuracy: 97.222
[101 / 288] loss: 3.304  accuracy: 97.215
[121 / 288] loss: 3.296  accuracy: 97.282
[141 / 288] loss: 3.318  accuracy: 97.152
[161 / 288] loss: 3.307  accuracy: 97.152
[181 / 288] loss: 3.314  accuracy: 97.121
[201 / 288] loss: 3.307  accuracy: 97.135
[221 / 288] loss: 3.307  accuracy: 97.144
[241 / 288] loss: 3.306  accuracy: 97.138
[261 / 288] loss: 3.298  accuracy: 97.174
[281 / 288] loss: 3.305  accuracy: 97.175
Accuracy of the network on the validation set: 94.53 %
Epoch: 29/40
[  1 / 288] loss: 0.166  accuracy: 96.094
[ 21 / 288] loss: 3.300  accuracy: 97.433
[ 41 / 288] loss: 3.306  accuracy: 97.313
[ 61 / 288] loss: 3.309  accuracy: 97.182
[ 81 / 288] loss: 3.298  accuracy: 97.280
[101 / 288] loss: 3.305  accuracy: 97.269
[121 / 288] loss: 3.303  accuracy: 97.288
[141 / 288] loss: 3.296  accuracy: 97.340
[161 / 288] loss: 3.306  accuracy: 97.326
[181 / 288] loss: 3.298  accuracy: 97.376
[201 / 288] loss: 3.309  accuracy: 97.330
[221 / 288] loss: 3.325  accuracy: 97.236
[241 / 288] loss: 3.311  accuracy: 97.196
[261 / 288] loss: 3.313  accuracy: 97.165
[281 / 288] loss: 3.310  accuracy: 97.150
Accuracy of the network on the validation set: 93.75 %
Epoch: 30/40
[  1 / 288] loss: 0.164  accuracy: 97.656
[ 21 / 288] loss: 3.318  accuracy: 96.354
[ 41 / 288] loss: 3.300  accuracy: 96.913
[ 61 / 288] loss: 3.303  accuracy: 96.977
[ 81 / 288] loss: 3.297  accuracy: 97.174
[101 / 288] loss: 3.310  accuracy: 97.138
[121 / 288] loss: 3.300  accuracy: 97.224
[141 / 288] loss: 3.305  accuracy: 97.224
[161 / 288] loss: 3.306  accuracy: 97.234
[181 / 288] loss: 3.306  accuracy: 97.220
[201 / 288] loss: 3.297  accuracy: 97.268
[221 / 288] loss: 3.296  accuracy: 97.306
[241 / 288] loss: 3.314  accuracy: 97.264
[261 / 288] loss: 3.300  accuracy: 97.279
[281 / 288] loss: 3.303  accuracy: 97.281
Accuracy of the network on the validation set: 93.75 %
Epoch: 31/40
[  1 / 288] loss: 0.164  accuracy: 99.219
[ 21 / 288] loss: 3.310  accuracy: 97.061
[ 41 / 288] loss: 3.297  accuracy: 97.294
[ 61 / 288] loss: 3.289  accuracy: 97.528
[ 81 / 288] loss: 3.301  accuracy: 97.502
[101 / 288] loss: 3.308  accuracy: 97.416
[121 / 288] loss: 3.303  accuracy: 97.424
[141 / 288] loss: 3.305  accuracy: 97.385
[161 / 288] loss: 3.304  accuracy: 97.355
[181 / 288] loss: 3.298  accuracy: 97.371
[201 / 288] loss: 3.315  accuracy: 97.310
[221 / 288] loss: 3.315  accuracy: 97.246
[241 / 288] loss: 3.304  accuracy: 97.251
[261 / 288] loss: 3.309  accuracy: 97.246
[281 / 288] loss: 3.306  accuracy: 97.250
Accuracy of the network on the validation set: 96.09 %
Epoch: 32/40
[  1 / 288] loss: 0.162  accuracy: 100.000
[ 21 / 288] loss: 3.299  accuracy: 97.582
[ 41 / 288] loss: 3.290  accuracy: 97.732
[ 61 / 288] loss: 3.312  accuracy: 97.477
[ 81 / 288] loss: 3.303  accuracy: 97.454
[101 / 288] loss: 3.308  accuracy: 97.393
[121 / 288] loss: 3.305  accuracy: 97.366
[141 / 288] loss: 3.310  accuracy: 97.274
[161 / 288] loss: 3.307  accuracy: 97.249
[181 / 288] loss: 3.296  accuracy: 97.298
[201 / 288] loss: 3.309  accuracy: 97.275
[221 / 288] loss: 3.293  accuracy: 97.327
[241 / 288] loss: 3.296  accuracy: 97.339
[261 / 288] loss: 3.294  accuracy: 97.378
[281 / 288] loss: 3.300  accuracy: 97.381
Accuracy of the network on the validation set: 93.75 %
Epoch: 33/40
[  1 / 288] loss: 0.167  accuracy: 96.094
[ 21 / 288] loss: 3.299  accuracy: 97.433
[ 41 / 288] loss: 3.305  accuracy: 97.275
[ 61 / 288] loss: 3.310  accuracy: 97.118
[ 81 / 288] loss: 3.300  accuracy: 97.203
[101 / 288] loss: 3.304  accuracy: 97.208
[121 / 288] loss: 3.312  accuracy: 97.166
[141 / 288] loss: 3.306  accuracy: 97.180
[161 / 288] loss: 3.298  accuracy: 97.220
[181 / 288] loss: 3.303  accuracy: 97.216
[201 / 288] loss: 3.305  accuracy: 97.217
[221 / 288] loss: 3.295  accuracy: 97.260
[241 / 288] loss: 3.302  accuracy: 97.280
[261 / 288] loss: 3.301  accuracy: 97.288
[281 / 288] loss: 3.306  accuracy: 97.275
Accuracy of the network on the validation set: 93.75 %
Epoch: 34/40
[  1 / 288] loss: 0.166  accuracy: 96.875
[ 21 / 288] loss: 3.304  accuracy: 97.284
[ 41 / 288] loss: 3.309  accuracy: 97.180
[ 61 / 288] loss: 3.310  accuracy: 97.067
[ 81 / 288] loss: 3.300  accuracy: 97.145
[101 / 288] loss: 3.308  accuracy: 97.107
[121 / 288] loss: 3.311  accuracy: 97.049
[141 / 288] loss: 3.299  accuracy: 97.130
[161 / 288] loss: 3.294  accuracy: 97.195
[181 / 288] loss: 3.298  accuracy: 97.255
[201 / 288] loss: 3.294  accuracy: 97.299
[221 / 288] loss: 3.296  accuracy: 97.338
[241 / 288] loss: 3.297  accuracy: 97.355
[261 / 288] loss: 3.294  accuracy: 97.393
[281 / 288] loss: 3.303  accuracy: 97.392
Accuracy of the network on the validation set: 93.75 %
Epoch: 35/40
[  1 / 288] loss: 0.164  accuracy: 98.438
[ 21 / 288] loss: 3.304  accuracy: 97.284
[ 41 / 288] loss: 3.293  accuracy: 97.523
[ 61 / 288] loss: 3.295  accuracy: 97.567
[ 81 / 288] loss: 3.300  accuracy: 97.560
[101 / 288] loss: 3.313  accuracy: 97.416
[121 / 288] loss: 3.290  accuracy: 97.508
[141 / 288] loss: 3.303  accuracy: 97.473
[161 / 288] loss: 3.294  accuracy: 97.486
[181 / 288] loss: 3.305  accuracy: 97.458
[201 / 288] loss: 3.298  accuracy: 97.474
[221 / 288] loss: 3.314  accuracy: 97.409
[241 / 288] loss: 3.298  accuracy: 97.416
[261 / 288] loss: 3.293  accuracy: 97.435
[281 / 288] loss: 3.298  accuracy: 97.442
Accuracy of the network on the validation set: 93.75 %
Epoch: 36/40
[  1 / 288] loss: 0.165  accuracy: 97.656
[ 21 / 288] loss: 3.303  accuracy: 97.284
[ 41 / 288] loss: 3.301  accuracy: 97.389
[ 61 / 288] loss: 3.303  accuracy: 97.374
[ 81 / 288] loss: 3.294  accuracy: 97.483
[101 / 288] loss: 3.289  accuracy: 97.602
[121 / 288] loss: 3.301  accuracy: 97.546
[141 / 288] loss: 3.301  accuracy: 97.501
[161 / 288] loss: 3.298  accuracy: 97.486
[181 / 288] loss: 3.307  accuracy: 97.462
[201 / 288] loss: 3.301  accuracy: 97.454
[221 / 288] loss: 3.301  accuracy: 97.441
[241 / 288] loss: 3.290  accuracy: 97.478
[261 / 288] loss: 3.292  accuracy: 97.504
[281 / 288] loss: 3.297  accuracy: 97.512
Accuracy of the network on the validation set: 92.97 %
Epoch: 37/40
[  1 / 288] loss: 0.164  accuracy: 98.438
[ 21 / 288] loss: 3.305  accuracy: 97.284
[ 41 / 288] loss: 3.301  accuracy: 97.294
[ 61 / 288] loss: 3.290  accuracy: 97.515
[ 81 / 288] loss: 3.293  accuracy: 97.598
[101 / 288] loss: 3.294  accuracy: 97.633
[121 / 288] loss: 3.298  accuracy: 97.592
[141 / 288] loss: 3.302  accuracy: 97.573
[161 / 288] loss: 3.298  accuracy: 97.559
[181 / 288] loss: 3.291  accuracy: 97.596
[201 / 288] loss: 3.305  accuracy: 97.563
[221 / 288] loss: 3.292  accuracy: 97.575
[241 / 288] loss: 3.302  accuracy: 97.549
[261 / 288] loss: 3.298  accuracy: 97.545
[281 / 288] loss: 3.308  accuracy: 97.512
Accuracy of the network on the validation set: 93.75 %
Epoch: 38/40
[  1 / 288] loss: 0.164  accuracy: 98.438
[ 21 / 288] loss: 3.309  accuracy: 96.912
[ 41 / 288] loss: 3.300  accuracy: 97.199
[ 61 / 288] loss: 3.302  accuracy: 97.246
[ 81 / 288] loss: 3.299  accuracy: 97.309
[101 / 288] loss: 3.293  accuracy: 97.401
[121 / 288] loss: 3.306  accuracy: 97.346
[141 / 288] loss: 3.308  accuracy: 97.279
[161 / 288] loss: 3.307  accuracy: 97.258
[181 / 288] loss: 3.291  accuracy: 97.337
[201 / 288] loss: 3.298  accuracy: 97.361
[221 / 288] loss: 3.299  accuracy: 97.391
[241 / 288] loss: 3.298  accuracy: 97.410
[261 / 288] loss: 3.295  accuracy: 97.432
[281 / 288] loss: 3.304  accuracy: 97.398
Accuracy of the network on the validation set: 93.75 %
Epoch: 39/40
[  1 / 288] loss: 0.165  accuracy: 97.656
[ 21 / 288] loss: 3.301  accuracy: 97.359
[ 41 / 288] loss: 3.298  accuracy: 97.466
[ 61 / 288] loss: 3.287  accuracy: 97.631
[ 81 / 288] loss: 3.312  accuracy: 97.425
[101 / 288] loss: 3.301  accuracy: 97.409
[121 / 288] loss: 3.292  accuracy: 97.488
[141 / 288] loss: 3.298  accuracy: 97.479
[161 / 288] loss: 3.298  accuracy: 97.491
[181 / 288] loss: 3.293  accuracy: 97.540
[201 / 288] loss: 3.298  accuracy: 97.536
[221 / 288] loss: 3.291  accuracy: 97.561
[241 / 288] loss: 3.297  accuracy: 97.549
[261 / 288] loss: 3.302  accuracy: 97.525
[281 / 288] loss: 3.299  accuracy: 97.517
Accuracy of the network on the validation set: 93.75 %
Epoch: 40/40
[  1 / 288] loss: 0.165  accuracy: 97.656
[ 21 / 288] loss: 3.295  accuracy: 97.768
[ 41 / 288] loss: 3.304  accuracy: 97.504
[ 61 / 288] loss: 3.295  accuracy: 97.490
[ 81 / 288] loss: 3.300  accuracy: 97.444
[101 / 288] loss: 3.304  accuracy: 97.401
[121 / 288] loss: 3.304  accuracy: 97.398
[141 / 288] loss: 3.300  accuracy: 97.390
[161 / 288] loss: 3.307  accuracy: 97.360
[181 / 288] loss: 3.299  accuracy: 97.371
[201 / 288] loss: 3.302  accuracy: 97.380
[221 / 288] loss: 3.296  accuracy: 97.423
[241 / 288] loss: 3.303  accuracy: 97.403
[261 / 288] loss: 3.310  accuracy: 97.369
[281 / 288] loss: 3.302  accuracy: 97.375
Accuracy of the network on the validation set: 93.75 %
Finished Training on GPU in 45502.46 seconds
Accuracy of the network on the validation set: 93.75 %

FakeQuantized @ 8b accuracy (calibrated):
Accuracy of the network on the testing set: 91.60 %

QuantizedDeployable @ mixed-precision accuracy:
Accuracy of the network on the testing set: 91.15 %

IntegerDeployable @ mixed-precision accuracy:
Accuracy of the network on the testing set: 90.51 %
Sum:  tensor(130249)
Sum:  tensor(51292)
Sum:  tensor(81798)
Sum:  tensor(50102)
Sum:  tensor(80094)
Sum:  tensor(73817)
Sum:  tensor(64754)
Sum:  tensor(32151)
Sum:  tensor(87014)
[[-12177  -2435  -8580  -8103  -9280  -8401  -3232   6989  -3705  -9615
  -10213 -10584]]
Accuracy of the network on the testing set: 100.00 %
